{
  "Tags": {
    "Project": "repo-metrics",
    "SourceRepo": "github/capralifecycle/liflig-repo-metrics",
    "StackName": "incub-repo-metrics-edge"
  }
}