{
  "artifacts": {
    "Tree": {
      "type": "cdk:tree",
      "properties": {
        "file": "tree.json"
      }
    },
    "incub-repo-metrics-edge": {
      "type": "aws:cloudformation:stack",
      "environment": "aws://001112238813/us-east-1",
      "properties": {
        "templateFile": "incub-repo-metrics-edge.template.json",
        "tags": {
          "Project": "repo-metrics",
          "SourceRepo": "github/capralifecycle/cals-tools",
          "StackName": "incub-repo-metrics-edge"
        }
      },
      "metadata": {
        "/incub-repo-metrics-edge": [
          {
            "type": "aws:cdk:asset",
            "data": "snapshot-value"
          },
          {
            "type": "aws:cdk:asset",
            "data": "snapshot-value"
          },
          {
            "type": "aws:cdk:asset",
            "data": "snapshot-value"
          },
          {
            "type": "aws:cdk:asset",
            "data": "snapshot-value"
          },
          {
            "type": "aws:cdk:asset",
            "data": "snapshot-value"
          },
          {
            "type": "aws:cdk:asset",
            "data": "snapshot-value"
          },
          {
            "type": "aws:cdk:stack-tags",
            "data": [
              {
                "Key": "Project",
                "Value": "repo-metrics"
              },
              {
                "Key": "SourceRepo",
                "Value": "github/capralifecycle/cals-tools"
              },
              {
                "Key": "StackName",
                "Value": "incub-repo-metrics-edge"
              }
            ]
          }
        ],
        "/incub-repo-metrics-edge/AuthLambdas/ServiceRole/Resource": [
          {
            "type": "aws:cdk:logicalId",
            "data": "AuthLambdasServiceRoleF10A0667"
          }
        ],
        "/incub-repo-metrics-edge/AuthLambdas/CheckAuthFunction/Resource": [
          {
            "type": "aws:cdk:logicalId",
            "data": "AuthLambdasCheckAuthFunction6B3C9473"
          }
        ],
        "/incub-repo-metrics-edge/AuthLambdas/CheckAuthFunction/CurrentVersion/Resource": [
          {
            "type": "aws:cdk:logicalId",
            "data": "AuthLambdasCheckAuthFunctionCurrentVersionF10C4D62xxxxxxxxxxxxxxxxxxxxxxxxxxxxxxxx"
          }
        ],
        "/incub-repo-metrics-edge/AuthLambdas/CheckAuthFunctionVersionParam/Parameu-west-1/Resoure/CustomResourcePolicy/Resource": [
          {
            "type": "aws:cdk:logicalId",
            "data": "AuthLambdasCheckAuthFunctionVersionParamParameuwest1ResoureCustomResourcePolicy088F1114"
          }
        ],
        "/incub-repo-metrics-edge/AuthLambdas/CheckAuthFunctionVersionParam/Parameu-west-1/Resoure/Resource/Default": [
          {
            "type": "aws:cdk:logicalId",
            "data": "AuthLambdasCheckAuthFunctionVersionParamParameuwest1Resoure8ACD3434"
          }
        ],
        "/incub-repo-metrics-edge/AuthLambdas/HttpHeadersFunction/Resource": [
          {
            "type": "aws:cdk:logicalId",
            "data": "AuthLambdasHttpHeadersFunctionC7A2BAB9"
          }
        ],
        "/incub-repo-metrics-edge/AuthLambdas/HttpHeadersFunction/CurrentVersion/Resource": [
          {
            "type": "aws:cdk:logicalId",
            "data": "AuthLambdasHttpHeadersFunctionCurrentVersion8B8CDE2Exxxxxxxxxxxxxxxxxxxxxxxxxxxxxxxx"
          }
        ],
        "/incub-repo-metrics-edge/AuthLambdas/HttpHeadersFunctionVersionParam/Parameu-west-1/Resoure/CustomResourcePolicy/Resource": [
          {
            "type": "aws:cdk:logicalId",
            "data": "AuthLambdasHttpHeadersFunctionVersionParamParameuwest1ResoureCustomResourcePolicyC99B8AA6"
          }
        ],
        "/incub-repo-metrics-edge/AuthLambdas/HttpHeadersFunctionVersionParam/Parameu-west-1/Resoure/Resource/Default": [
          {
            "type": "aws:cdk:logicalId",
            "data": "AuthLambdasHttpHeadersFunctionVersionParamParameuwest1Resoure0C3C81F2"
          }
        ],
        "/incub-repo-metrics-edge/AuthLambdas/ParseAuthFunction/Resource": [
          {
            "type": "aws:cdk:logicalId",
            "data": "AuthLambdasParseAuthFunctionC04A121B"
          }
        ],
        "/incub-repo-metrics-edge/AuthLambdas/ParseAuthFunction/CurrentVersion/Resource": [
          {
            "type": "aws:cdk:logicalId",
            "data": "AuthLambdasParseAuthFunctionCurrentVersionA32A5991xxxxxxxxxxxxxxxxxxxxxxxxxxxxxxxx"
          }
        ],
        "/incub-repo-metrics-edge/AuthLambdas/ParseAuthFunctionVersionParam/Parameu-west-1/Resoure/CustomResourcePolicy/Resource": [
          {
            "type": "aws:cdk:logicalId",
            "data": "AuthLambdasParseAuthFunctionVersionParamParameuwest1ResoureCustomResourcePolicyCEAE27DB"
          }
        ],
        "/incub-repo-metrics-edge/AuthLambdas/ParseAuthFunctionVersionParam/Parameu-west-1/Resoure/Resource/Default": [
          {
            "type": "aws:cdk:logicalId",
            "data": "AuthLambdasParseAuthFunctionVersionParamParameuwest1Resoure934661C6"
          }
        ],
        "/incub-repo-metrics-edge/AuthLambdas/RefreshAuthFunction/Resource": [
          {
            "type": "aws:cdk:logicalId",
            "data": "AuthLambdasRefreshAuthFunction4B0B3BD6"
          }
        ],
        "/incub-repo-metrics-edge/AuthLambdas/RefreshAuthFunction/CurrentVersion/Resource": [
          {
            "type": "aws:cdk:logicalId",
            "data": "AuthLambdasRefreshAuthFunctionCurrentVersion632285F6xxxxxxxxxxxxxxxxxxxxxxxxxxxxxxxx"
          }
        ],
        "/incub-repo-metrics-edge/AuthLambdas/RefreshAuthFunctionVersionParam/Parameu-west-1/Resoure/CustomResourcePolicy/Resource": [
          {
            "type": "aws:cdk:logicalId",
            "data": "AuthLambdasRefreshAuthFunctionVersionParamParameuwest1ResoureCustomResourcePolicy095CEC70"
          }
        ],
        "/incub-repo-metrics-edge/AuthLambdas/RefreshAuthFunctionVersionParam/Parameu-west-1/Resoure/Resource/Default": [
          {
            "type": "aws:cdk:logicalId",
            "data": "AuthLambdasRefreshAuthFunctionVersionParamParameuwest1Resoure0C0D8913"
          }
        ],
        "/incub-repo-metrics-edge/AuthLambdas/SignOutFunction/Resource": [
          {
            "type": "aws:cdk:logicalId",
            "data": "AuthLambdasSignOutFunction251863E4"
          }
        ],
        "/incub-repo-metrics-edge/AuthLambdas/SignOutFunction/CurrentVersion/Resource": [
          {
            "type": "aws:cdk:logicalId",
            "data": "AuthLambdasSignOutFunctionCurrentVersion0576BBB1xxxxxxxxxxxxxxxxxxxxxxxxxxxxxxxx"
          }
        ],
        "/incub-repo-metrics-edge/AuthLambdas/SignOutFunctionVersionParam/Parameu-west-1/Resoure/CustomResourcePolicy/Resource": [
          {
            "type": "aws:cdk:logicalId",
            "data": "AuthLambdasSignOutFunctionVersionParamParameuwest1ResoureCustomResourcePolicy16B30BE4"
          }
        ],
        "/incub-repo-metrics-edge/AuthLambdas/SignOutFunctionVersionParam/Parameu-west-1/Resoure/Resource/Default": [
          {
            "type": "aws:cdk:logicalId",
            "data": "AuthLambdasSignOutFunctionVersionParamParameuwest1Resoure18583D2D"
          }
        ],
        "/incub-repo-metrics-edge/AWS679f53fac002430cb0da5b7982bd2287/ServiceRole/Resource": [
          {
            "type": "aws:cdk:logicalId",
            "data": "AWS679f53fac002430cb0da5b7982bd2287ServiceRoleC1EA0FF2"
          }
        ],
        "/incub-repo-metrics-edge/AWS679f53fac002430cb0da5b7982bd2287/Resource": [
          {
            "type": "aws:cdk:logicalId",
            "data": "AWS679f53fac002430cb0da5b7982bd22872D164C4C"
          }
        ],
        "/incub-repo-metrics-edge/CDKMetadata/Default": [
          {
            "type": "aws:cdk:logicalId",
            "data": "CDKMetadata"
          }
        ]
      }
    },
    "incub-repo-metrics-main": {
      "type": "aws:cloudformation:stack",
      "environment": "aws://001112238813/eu-west-1",
      "properties": {
        "templateFile": "incub-repo-metrics-main.template.json",
        "tags": {
          "Project": "repo-metrics",
          "SourceRepo": "github/capralifecycle/cals-tools",
          "StackName": "incub-repo-metrics-main"
        }
      },
      "dependencies": [
        "incub-repo-metrics-edge"
      ],
      "metadata": {
        "/incub-repo-metrics-main": [
          {
            "type": "aws:cdk:asset",
            "data": "snapshot-value"
          },
          {
            "type": "aws:cdk:asset",
            "data": "snapshot-value"
          },
          {
            "type": "aws:cdk:asset",
            "data": "snapshot-value"
          },
          {
            "type": "aws:cdk:asset",
            "data": "snapshot-value"
          },
          {
            "type": "aws:cdk:asset",
            "data": "snapshot-value"
          },
          {
            "type": "aws:cdk:asset",
            "data": "snapshot-value"
          },
          {
            "type": "aws:cdk:asset",
            "data": "snapshot-value"
          },
          {
            "type": "aws:cdk:asset",
            "data": "snapshot-value"
          },
          {
            "type": "aws:cdk:stack-tags",
            "data": [
              {
                "Key": "Project",
                "Value": "repo-metrics"
              },
              {
                "Key": "SourceRepo",
                "Value": "github/capralifecycle/cals-tools"
              },
              {
                "Key": "StackName",
                "Value": "incub-repo-metrics-main"
              }
            ]
          }
        ],
        "/incub-repo-metrics-main/UserPool/UserPoolClient/Resource": [
          {
            "type": "aws:cdk:logicalId",
            "data": "UserPoolUserPoolClient40176907"
          }
        ],
        "/incub-repo-metrics-main/WebappBucket/Resource": [
          {
            "type": "aws:cdk:logicalId",
            "data": "WebappBucket620531E5"
          }
        ],
        "/incub-repo-metrics-main/WebappBucket/Policy/Resource": [
          {
            "type": "aws:cdk:logicalId",
            "data": "WebappBucketPolicyB03C4E01"
          }
        ],
        "/incub-repo-metrics-main/DeployWebapp/CustomResource/Default": [
          {
            "type": "aws:cdk:logicalId",
            "data": "DeployWebappCustomResourceC7A505E4"
          }
        ],
        "/incub-repo-metrics-main/Custom::CDKBucketDeployment8693BB64968944B69AAFB0CC9EB8756C/ServiceRole/Resource": [
          {
            "type": "aws:cdk:logicalId",
            "data": "CustomCDKBucketDeployment8693BB64968944B69AAFB0CC9EB8756CServiceRole89A01265"
          }
        ],
        "/incub-repo-metrics-main/Custom::CDKBucketDeployment8693BB64968944B69AAFB0CC9EB8756C/ServiceRole/DefaultPolicy/Resource": [
          {
            "type": "aws:cdk:logicalId",
            "data": "CustomCDKBucketDeployment8693BB64968944B69AAFB0CC9EB8756CServiceRoleDefaultPolicy88902FDF"
          }
        ],
        "/incub-repo-metrics-main/Custom::CDKBucketDeployment8693BB64968944B69AAFB0CC9EB8756C/Resource": [
          {
            "type": "aws:cdk:logicalId",
            "data": "CustomCDKBucketDeployment8693BB64968944B69AAFB0CC9EB8756C81C01536"
          }
        ],
        "/incub-repo-metrics-main/DataBucket/Resource": [
          {
            "type": "aws:cdk:logicalId",
            "data": "DataBucketE3889A50"
          }
        ],
        "/incub-repo-metrics-main/DataBucket/Policy/Resource": [
          {
            "type": "aws:cdk:logicalId",
            "data": "DataBucketPolicy3231C704"
          }
        ],
        "/incub-repo-metrics-main/Auth/NonceSigningSecret/Resource/Default": [
          {
            "type": "aws:cdk:logicalId",
            "data": "AuthNonceSigningSecretC47F85D8"
          }
        ],
        "/incub-repo-metrics-main/Auth/ClientSecret/Resource/CustomResourcePolicy/Resource": [
          {
            "type": "aws:cdk:logicalId",
            "data": "AuthClientSecretCustomResourcePolicyA4C1D5EC"
          }
        ],
        "/incub-repo-metrics-main/Auth/ClientSecret/Resource/Resource/Default": [
          {
            "type": "aws:cdk:logicalId",
            "data": "AuthClientSecret768E9C19"
          }
        ],
        "/incub-repo-metrics-main/Auth/CheckAuthFnImportNonce": [
          {
            "type": "aws:cdk:logicalId",
            "data": "AuthCheckAuthFnImportNonceB0C38324"
          }
        ],
        "/incub-repo-metrics-main/Auth/CheckAuthFn/Resource/Default": [
          {
            "type": "aws:cdk:logicalId",
            "data": "AuthCheckAuthFnC12AAE69"
          }
        ],
        "/incub-repo-metrics-main/Auth/HttpHeadersFnImportNonce": [
          {
            "type": "aws:cdk:logicalId",
            "data": "AuthHttpHeadersFnImportNonceEA60F8FB"
          }
        ],
        "/incub-repo-metrics-main/Auth/HttpHeadersFn/Resource/Default": [
          {
            "type": "aws:cdk:logicalId",
            "data": "AuthHttpHeadersFn7D541668"
          }
        ],
        "/incub-repo-metrics-main/Auth/ParseAuthFnImportNonce": [
          {
            "type": "aws:cdk:logicalId",
            "data": "AuthParseAuthFnImportNonceDB90BFAF"
          }
        ],
        "/incub-repo-metrics-main/Auth/ParseAuthFn/Resource/Default": [
          {
            "type": "aws:cdk:logicalId",
            "data": "AuthParseAuthFn975D8094"
          }
        ],
        "/incub-repo-metrics-main/Auth/RefreshAuthFnImportNonce": [
          {
            "type": "aws:cdk:logicalId",
            "data": "AuthRefreshAuthFnImportNonce259C9C85"
          }
        ],
        "/incub-repo-metrics-main/Auth/RefreshAuthFn/Resource/Default": [
          {
            "type": "aws:cdk:logicalId",
            "data": "AuthRefreshAuthFnEA5CBBAE"
          }
        ],
        "/incub-repo-metrics-main/Auth/SignOutFnImportNonce": [
          {
            "type": "aws:cdk:logicalId",
            "data": "AuthSignOutFnImportNonce71DBA4CA"
          }
        ],
        "/incub-repo-metrics-main/Auth/SignOutFn/Resource/Default": [
          {
            "type": "aws:cdk:logicalId",
            "data": "AuthSignOutFnD060B75E"
          }
        ],
        "/incub-repo-metrics-main/Auth/ClientUpdate/Resource/CustomResourcePolicy/Resource": [
          {
            "type": "aws:cdk:logicalId",
            "data": "AuthClientUpdateCustomResourcePolicyF8E9AEC5"
          }
        ],
        "/incub-repo-metrics-main/Auth/ClientUpdate/Resource/Resource/Default": [
          {
            "type": "aws:cdk:logicalId",
            "data": "AuthClientUpdate3823E358"
          }
        ],
        "/incub-repo-metrics-main/henrist.cloudfront-auth.generate-secret.provider/Function/ServiceRole/Resource": [
          {
            "type": "aws:cdk:logicalId",
            "data": "henristcloudfrontauthgeneratesecretproviderFunctionServiceRole4523A59B"
          }
        ],
        "/incub-repo-metrics-main/henrist.cloudfront-auth.generate-secret.provider/Function/Resource": [
          {
            "type": "aws:cdk:logicalId",
            "data": "henristcloudfrontauthgeneratesecretproviderFunction3D1AFA99"
          }
        ],
        "/incub-repo-metrics-main/henrist.cloudfront-auth.generate-secret.provider/Provider/framework-onEvent/ServiceRole/Resource": [
          {
            "type": "aws:cdk:logicalId",
            "data": "henristcloudfrontauthgeneratesecretproviderProviderframeworkonEventServiceRoleEE714F1C"
          }
        ],
        "/incub-repo-metrics-main/henrist.cloudfront-auth.generate-secret.provider/Provider/framework-onEvent/ServiceRole/DefaultPolicy/Resource": [
          {
            "type": "aws:cdk:logicalId",
            "data": "henristcloudfrontauthgeneratesecretproviderProviderframeworkonEventServiceRoleDefaultPolicyC126E528"
          }
        ],
        "/incub-repo-metrics-main/henrist.cloudfront-auth.generate-secret.provider/Provider/framework-onEvent/Resource": [
          {
            "type": "aws:cdk:logicalId",
            "data": "henristcloudfrontauthgeneratesecretproviderProviderframeworkonEventD98C7326"
          }
        ],
        "/incub-repo-metrics-main/AWS679f53fac002430cb0da5b7982bd2287/ServiceRole/Resource": [
          {
            "type": "aws:cdk:logicalId",
            "data": "AWS679f53fac002430cb0da5b7982bd2287ServiceRoleC1EA0FF2"
          }
        ],
        "/incub-repo-metrics-main/AWS679f53fac002430cb0da5b7982bd2287/Resource": [
          {
            "type": "aws:cdk:logicalId",
            "data": "AWS679f53fac002430cb0da5b7982bd22872D164C4C"
          }
        ],
        "/incub-repo-metrics-main/SsmParameterValue:--cf--region--us-east-1--stack--incub-repo-metrics-edge--incubrepometricsedgeAuthLambdas6D68EFB9-CheckAuthFunction-function-arn:C96584B6-F00A-464E-AD19-53AFF4B05118.Parameter": [
          {
            "type": "aws:cdk:logicalId",
            "data": "SsmParameterValuecfregionuseast1stackincubrepometricsedgeincubrepometricsedgeAuthLambdas6D68EFB9CheckAuthFunctionfunctionarnC96584B6F00A464EAD1953AFF4B05118Parameter"
          }
        ],
        "/incub-repo-metrics-main/henrist.lambda-config.provider/UpdateCodeFn/ServiceRole/Resource": [
          {
            "type": "aws:cdk:logicalId",
            "data": "henristlambdaconfigproviderUpdateCodeFnServiceRole2FF24712"
          }
        ],
        "/incub-repo-metrics-main/henrist.lambda-config.provider/UpdateCodeFn/ServiceRole/DefaultPolicy/Resource": [
          {
            "type": "aws:cdk:logicalId",
            "data": "henristlambdaconfigproviderUpdateCodeFnServiceRoleDefaultPolicyE51A664A"
          }
        ],
        "/incub-repo-metrics-main/henrist.lambda-config.provider/UpdateCodeFn/Resource": [
          {
            "type": "aws:cdk:logicalId",
            "data": "henristlambdaconfigproviderUpdateCodeFnBF8DF66B"
          }
        ],
        "/incub-repo-metrics-main/henrist.lambda-config.provider/Provider/framework-onEvent/ServiceRole/Resource": [
          {
            "type": "aws:cdk:logicalId",
            "data": "henristlambdaconfigproviderProviderframeworkonEventServiceRole9AA104AD"
          }
        ],
        "/incub-repo-metrics-main/henrist.lambda-config.provider/Provider/framework-onEvent/ServiceRole/DefaultPolicy/Resource": [
          {
            "type": "aws:cdk:logicalId",
            "data": "henristlambdaconfigproviderProviderframeworkonEventServiceRoleDefaultPolicy3D96FE9E"
          }
        ],
        "/incub-repo-metrics-main/henrist.lambda-config.provider/Provider/framework-onEvent/Resource": [
          {
            "type": "aws:cdk:logicalId",
            "data": "henristlambdaconfigproviderProviderframeworkonEventB2FC78D4"
          }
        ],
        "/incub-repo-metrics-main/SsmParameterValue:--cf--region--us-east-1--stack--incub-repo-metrics-edge--incubrepometricsedgeAuthLambdas6D68EFB9-HttpHeadersFunction-function-arn:C96584B6-F00A-464E-AD19-53AFF4B05118.Parameter": [
          {
            "type": "aws:cdk:logicalId",
            "data": "SsmParameterValuecfregionuseast1stackincubrepometricsedgeincubrepometricsedgeAuthLambdas6D68EFB9HttpHeadersFunctionfunctionarnC96584B6F00A464EAD1953AFF4B05118Parameter"
          }
        ],
        "/incub-repo-metrics-main/SsmParameterValue:--cf--region--us-east-1--stack--incub-repo-metrics-edge--incubrepometricsedgeAuthLambdas6D68EFB9-ParseAuthFunction-function-arn:C96584B6-F00A-464E-AD19-53AFF4B05118.Parameter": [
          {
            "type": "aws:cdk:logicalId",
            "data": "SsmParameterValuecfregionuseast1stackincubrepometricsedgeincubrepometricsedgeAuthLambdas6D68EFB9ParseAuthFunctionfunctionarnC96584B6F00A464EAD1953AFF4B05118Parameter"
          }
        ],
        "/incub-repo-metrics-main/SsmParameterValue:--cf--region--us-east-1--stack--incub-repo-metrics-edge--incubrepometricsedgeAuthLambdas6D68EFB9-RefreshAuthFunction-function-arn:C96584B6-F00A-464E-AD19-53AFF4B05118.Parameter": [
          {
            "type": "aws:cdk:logicalId",
            "data": "SsmParameterValuecfregionuseast1stackincubrepometricsedgeincubrepometricsedgeAuthLambdas6D68EFB9RefreshAuthFunctionfunctionarnC96584B6F00A464EAD1953AFF4B05118Parameter"
          }
        ],
        "/incub-repo-metrics-main/SsmParameterValue:--cf--region--us-east-1--stack--incub-repo-metrics-edge--incubrepometricsedgeAuthLambdas6D68EFB9-SignOutFunction-function-arn:C96584B6-F00A-464E-AD19-53AFF4B05118.Parameter": [
          {
            "type": "aws:cdk:logicalId",
            "data": "SsmParameterValuecfregionuseast1stackincubrepometricsedgeincubrepometricsedgeAuthLambdas6D68EFB9SignOutFunctionfunctionarnC96584B6F00A464EAD1953AFF4B05118Parameter"
          }
        ],
        "/incub-repo-metrics-main/Distribution/Origin1/S3Origin/Resource": [
          {
            "type": "aws:cdk:logicalId",
            "data": "DistributionOrigin1S3Origin5F5C0696"
          }
        ],
        "/incub-repo-metrics-main/Distribution/Origin2/S3Origin/Resource": [
          {
            "type": "aws:cdk:logicalId",
            "data": "DistributionOrigin2S3OriginE484D4BF"
          }
        ],
        "/incub-repo-metrics-main/Distribution/Resource": [
          {
            "type": "aws:cdk:logicalId",
            "data": "Distribution830FAC52"
          }
        ],
        "/incub-repo-metrics-main/Collector/ServiceRole/Resource": [
          {
            "type": "aws:cdk:logicalId",
            "data": "CollectorServiceRole78F40CC4"
          }
        ],
        "/incub-repo-metrics-main/Collector/Resource": [
          {
            "type": "aws:cdk:logicalId",
            "data": "Collector9EBA7CF5"
          }
        ],
        "/incub-repo-metrics-main/CollectorSchedule/Resource": [
          {
            "type": "aws:cdk:logicalId",
            "data": "CollectorScheduleDC767626"
          }
        ],
        "/incub-repo-metrics-main/CollectorSchedule/AllowEventRuleincubrepometricsmainCollectorSchedule00F83686": [
          {
            "type": "aws:cdk:logicalId",
            "data": "CollectorScheduleAllowEventRuleincubrepometricsmainCollectorSchedule00F836868B72A2BA"
          }
        ],
        "/incub-repo-metrics-main/BffHandler/ServiceRole/Resource": [
          {
            "type": "aws:cdk:logicalId",
            "data": "BffHandlerServiceRoleCB7C38FE"
          }
        ],
        "/incub-repo-metrics-main/BffHandler/ServiceRole/DefaultPolicy/Resource": [
          {
            "type": "aws:cdk:logicalId",
            "data": "BffHandlerServiceRoleDefaultPolicyCF46EE16"
          }
        ],
        "/incub-repo-metrics-main/BffHandler/Resource": [
          {
            "type": "aws:cdk:logicalId",
            "data": "BffHandlerE8CFA6C7"
          }
        ],
        "/incub-repo-metrics-main/AuthHandler/ServiceRole/Resource": [
          {
            "type": "aws:cdk:logicalId",
            "data": "AuthHandlerServiceRoleD970A3A9"
          }
        ],
        "/incub-repo-metrics-main/AuthHandler/Resource": [
          {
            "type": "aws:cdk:logicalId",
            "data": "AuthHandler9DC767B7"
          }
        ],
        "/incub-repo-metrics-main/AuthHandler/incubrepometricsmainAuthorizerF9F7C086:Permissions": [
          {
            "type": "aws:cdk:logicalId",
            "data": "AuthHandlerincubrepometricsmainAuthorizerF9F7C086Permissions2277DA2B"
          }
        ],
        "/incub-repo-metrics-main/Authorizer/Resource": [
          {
            "type": "aws:cdk:logicalId",
            "data": "AuthorizerBD825682"
          }
        ],
        "/incub-repo-metrics-main/BffApi/Resource": [
          {
            "type": "aws:cdk:logicalId",
            "data": "BffApiFBFF8FCE"
          }
        ],
        "/incub-repo-metrics-main/BffApi/CloudWatchRole/Resource": [
          {
            "type": "aws:cdk:logicalId",
            "data": "BffApiCloudWatchRole83DDAD73"
          }
        ],
        "/incub-repo-metrics-main/BffApi/Account": [
          {
            "type": "aws:cdk:logicalId",
            "data": "BffApiAccount87FC9B1E"
          }
        ],
        "/incub-repo-metrics-main/BffApi/Deployment/Resource": [
          {
            "type": "aws:cdk:logicalId",
            "data": "BffApiDeploymentDCA9CF1D7e40c05d0e8bac1a16329e8ed82c0979"
          }
        ],
        "/incub-repo-metrics-main/BffApi/DeploymentStage.prod/Resource": [
          {
            "type": "aws:cdk:logicalId",
            "data": "BffApiDeploymentStageprod70E6492C"
          }
        ],
        "/incub-repo-metrics-main/BffApi/Endpoint": [
          {
            "type": "aws:cdk:logicalId",
            "data": "BffApiEndpoint413D959F"
          }
        ],
        "/incub-repo-metrics-main/BffApi/Default/{proxy+}/Resource": [
          {
            "type": "aws:cdk:logicalId",
            "data": "BffApiproxy24233F6C"
          }
        ],
        "/incub-repo-metrics-main/BffApi/Default/{proxy+}/ANY/ApiPermission.incubrepometricsmainBffApi2C96DEE7.ANY..{proxy+}": [
          {
            "type": "aws:cdk:logicalId",
            "data": "BffApiproxyANYApiPermissionincubrepometricsmainBffApi2C96DEE7ANYproxy7D941CEE"
          }
        ],
        "/incub-repo-metrics-main/BffApi/Default/{proxy+}/ANY/ApiPermission.Test.incubrepometricsmainBffApi2C96DEE7.ANY..{proxy+}": [
          {
            "type": "aws:cdk:logicalId",
            "data": "BffApiproxyANYApiPermissionTestincubrepometricsmainBffApi2C96DEE7ANYproxyD83C0C36"
          }
        ],
        "/incub-repo-metrics-main/BffApi/Default/{proxy+}/ANY/Resource": [
          {
            "type": "aws:cdk:logicalId",
            "data": "BffApiproxyANY0AF27BA3"
          }
        ],
        "/incub-repo-metrics-main/BffApi/Default/ANY/ApiPermission.incubrepometricsmainBffApi2C96DEE7.ANY..": [
          {
            "type": "aws:cdk:logicalId",
            "data": "BffApiANYApiPermissionincubrepometricsmainBffApi2C96DEE7ANY052942A6"
          }
        ],
        "/incub-repo-metrics-main/BffApi/Default/ANY/ApiPermission.Test.incubrepometricsmainBffApi2C96DEE7.ANY..": [
          {
            "type": "aws:cdk:logicalId",
            "data": "BffApiANYApiPermissionTestincubrepometricsmainBffApi2C96DEE7ANYB38DA528"
          }
        ],
        "/incub-repo-metrics-main/BffApi/Default/ANY/Resource": [
          {
            "type": "aws:cdk:logicalId",
            "data": "BffApiANYEA416581"
          }
        ],
        "/incub-repo-metrics-main/WebappUrlOutput": [
          {
            "type": "aws:cdk:logicalId",
            "data": "WebappUrlOutput"
          }
        ],
        "/incub-repo-metrics-main/CDKMetadata/Default": [
          {
            "type": "aws:cdk:logicalId",
            "data": "CDKMetadata"
          }
        ]
      }
    }
  },
  "runtime": {}
}